---
source: crates/monochange/tests/changeset_policy.rs
expression: redacted
---
{
  "affected_package_ids": [],
  "changed_paths": [
    "docs/readme.md"
  ],
  "changeset_paths": [],
  "comment": null,
  "covered_package_ids": [],
  "enforce": false,
  "errors": [],
  "ignored_paths": [],
  "labels": [],
  "matched_paths": [],
  "matched_skip_labels": [],
  "required": false,
  "status": "not_required",
  "summary": "changeset verification passed: no configured packages were affected by the changed files",
  "uncovered_package_ids": []
}
