---
source: crates/monochange/tests/release_group_propagation.rs
expression: redacted
---
{
  "changed_files": [
    "cargo/sdk-core/Cargo.toml",
    "dart/mobile_sdk/pubspec.yaml",
    "deno/tool/deno.json",
    "packages/web-sdk/package.json"
  ],
  "changelogs": [],
  "changesets": [
    {
      "context": {
        "capabilities": {
          "actor_profiles": false,
          "commit_web_urls": false,
          "issue_comments": false,
          "related_issues": false,
          "review_request_lookup": false
        },
        "host": null,
        "introduced": null,
        "last_updated": null,
        "provider": "generic_git",
        "related_issues": []
      },
      "details": null,
      "path": ".changeset/feature.md",
      "summary": "public API addition",
      "targets": [
        {
          "bump": "minor",
          "change_type": "minor",
          "evidence_refs": [],
          "id": "sdk-core",
          "kind": "package",
          "origin": "direct-change"
        }
      ]
    }
  ],
  "command": "release",
  "deleted_changesets": [],
  "dry_run": true,
  "group_version": "1.1.0",
  "package_publications": [
    {
      "ecosystem": "deno",
      "mode": "builtin",
      "package": "deno-tool",
      "registry": "jsr",
      "trusted_publishing": {
        "enabled": true,
        "environment": null,
        "repository": null,
        "workflow": null
      },
      "version": "1.0.1"
    },
    {
      "ecosystem": "dart",
      "mode": "builtin",
      "package": "mobile-sdk",
      "registry": "pub_dev",
      "trusted_publishing": {
        "enabled": true,
        "environment": null,
        "repository": null,
        "workflow": null
      },
      "version": "1.0.1"
    },
    {
      "ecosystem": "cargo",
      "mode": "builtin",
      "package": "sdk-core",
      "registry": "crates_io",
      "trusted_publishing": {
        "enabled": true,
        "environment": null,
        "repository": null,
        "workflow": null
      },
      "version": "1.1.0"
    },
    {
      "ecosystem": "npm",
      "mode": "builtin",
      "package": "web-sdk",
      "registry": "npm",
      "trusted_publishing": {
        "enabled": true,
        "environment": null,
        "repository": null,
        "workflow": null
      },
      "version": "1.1.0"
    }
  ],
  "plan": {
    "compatibility_evidence": [],
    "decisions": [
      {
        "bump": "minor",
        "package": "cargo:cargo/sdk-core/Cargo.toml",
        "planned_version": "1.1.0",
        "reasons": [
          "public API addition",
          "shares version group `sdk`"
        ],
        "trigger": "direct-change",
        "upstream_sources": [
          "cargo:cargo/sdk-core/Cargo.toml"
        ]
      },
      {
        "bump": "patch",
        "package": "dart:dart/mobile_sdk/pubspec.yaml",
        "planned_version": "1.0.1",
        "reasons": [
          "depends on `npm:packages/web-sdk/package.json`"
        ],
        "trigger": "transitive-dependency",
        "upstream_sources": [
          "cargo:cargo/sdk-core/Cargo.toml"
        ]
      },
      {
        "bump": "patch",
        "package": "deno:deno/tool/deno.json",
        "planned_version": "1.0.1",
        "reasons": [
          "depends on `npm:packages/web-sdk/package.json`"
        ],
        "trigger": "transitive-dependency",
        "upstream_sources": [
          "cargo:cargo/sdk-core/Cargo.toml"
        ]
      },
      {
        "bump": "minor",
        "package": "npm:packages/web-sdk/package.json",
        "planned_version": "1.1.0",
        "reasons": [
          "depends on `cargo:cargo/sdk-core/Cargo.toml`",
          "shares version group `sdk`"
        ],
        "trigger": "version-group-synchronization",
        "upstream_sources": [
          "cargo:cargo/sdk-core/Cargo.toml"
        ]
      }
    ],
    "groups": [
      {
        "bump": "minor",
        "id": "sdk",
        "members": [
          "cargo:cargo/sdk-core/Cargo.toml",
          "npm:packages/web-sdk/package.json"
        ],
        "planned_version": "1.1.0"
      }
    ],
    "unresolved_items": [],
    "warnings": [],
    "workspace_root": "."
  },
  "release_targets": [
    {
      "id": "deno-tool",
      "kind": "package",
      "members": [
        "deno-tool"
      ],
      "release": false,
      "rendered_changelog_title": "deno-tool 1.0.1 ([DATE])",
      "rendered_title": "deno-tool 1.0.1 ([DATE])",
      "tag": false,
      "tag_name": "deno-tool/v1.0.1",
      "version": "1.0.1",
      "version_format": "namespaced"
    },
    {
      "id": "mobile-sdk",
      "kind": "package",
      "members": [
        "mobile-sdk"
      ],
      "release": false,
      "rendered_changelog_title": "mobile-sdk 1.0.1 ([DATE])",
      "rendered_title": "mobile-sdk 1.0.1 ([DATE])",
      "tag": false,
      "tag_name": "mobile-sdk/v1.0.1",
      "version": "1.0.1",
      "version_format": "namespaced"
    },
    {
      "id": "sdk",
      "kind": "group",
      "members": [
        "sdk-core",
        "web-sdk"
      ],
      "release": false,
      "rendered_changelog_title": "sdk 1.1.0 ([DATE])",
      "rendered_title": "sdk 1.1.0 ([DATE])",
      "tag": false,
      "tag_name": "sdk/v1.1.0",
      "version": "1.1.0",
      "version_format": "namespaced"
    }
  ],
  "released_packages": [
    "deno-tool",
    "mobile_sdk",
    "sdk-core",
    "web-sdk"
  ],
  "version": null
}
