---
source: crates/monochange/src/__tests__/mcp_tests.rs
expression: content_text(&result)
---
{
  "action": "affected_packages",
  "evaluation": {
    "affected_package_ids": [],
    "changed_paths": [
      "docs/readme.md"
    ],
    "changeset_paths": [],
    "comment": null,
    "covered_package_ids": [],
    "enforce": false,
    "errors": [],
    "ignored_paths": [],
    "labels": [
      "no-changeset-required"
    ],
    "matched_paths": [],
    "matched_skip_labels": [
      "no-changeset-required"
    ],
    "required": false,
    "status": "skipped",
    "summary": "changeset verification skipped because the change has an allowed label: no-changeset-required",
    "uncovered_package_ids": []
  },
  "ok": true,
  "summary": "changeset verification skipped because the change has an allowed label: no-changeset-required"
}
