---
source: crates/monochange_integration_tests/tests/api_classification.rs
expression: report
---
{
  "candidate": "merge-tree:[SHA]",
  "comparisons": [
    {
      "base": "HEAD~1",
      "head": "merge-tree:[SHA]",
      "kind": "pullRequest",
      "note": null,
      "status": "analyzed"
    },
    {
      "base": "[SHA]",
      "head": "HEAD",
      "kind": "sourceDelta",
      "note": null,
      "status": "analyzed"
    }
  ],
  "defaultBranch": "HEAD~1",
  "packages": [
    {
      "action": "update",
      "comparisons": [
        {
          "base": "HEAD~1",
          "head": "merge-tree:[SHA]",
          "kind": "pullRequest",
          "note": null,
          "status": "analyzed"
        },
        {
          "base": "[SHA]",
          "head": "HEAD",
          "kind": "sourceDelta",
          "note": null,
          "status": "analyzed"
        },
        {
          "base": null,
          "head": "merge-tree:[SHA]",
          "kind": "release",
          "note": "no reachable release tag matched this package",
          "status": "unavailable"
        },
        {
          "base": null,
          "head": "HEAD~1",
          "kind": "releaseToDefault",
          "note": "no reachable release tag matched this package",
          "status": "unavailable"
        }
      ],
      "decision": {
        "classificationEnforced": true,
        "compatibilityImpact": "breaking",
        "completeness": "partial",
        "confidence": "medium",
        "enforceableMinimum": "none",
        "findingIds": [
          "cargo/public-api/public_api/removed/function/removed_greeting"
        ],
        "proposedChangesetBump": "major",
        "releaseFloor": "major",
        "reviewRequired": true
      },
      "ecosystem": "cargo",
      "existingChangesets": [
        {
          "bump": "patch",
          "changeType": "patch",
          "path": ".changeset/understated-patch.md"
        }
      ],
      "findings": [
        {
          "after": null,
          "analyzer": {
            "id": "cargo/public-api",
            "version": "1"
          },
          "before": "fn removed_greeting () -> & 'static str",
          "bump": "major",
          "change": "removed",
          "comparisons": [
            "pullRequest",
            "sourceDelta"
          ],
          "confidence": "medium",
          "coverage": {
            "completeness": "partial",
            "detectionLevel": "signature",
            "note": "syntax-level Rust surface; module reachability, cfg and feature matrices, trait compatibility, and downstream witnesses are not complete"
          },
          "id": "cargo/public-api/public_api/removed/function/removed_greeting",
          "impact": "breaking",
          "location": "src/lib.rs",
          "ruleId": "cargo/public-api/public_api/removed/function",
          "summary": "function `removed_greeting` removed",
          "surface": "public_api"
        }
      ],
      "packageId": "enforced",
      "packageName": "enforced",
      "recommendation": "major",
      "releaseOwner": {
        "id": "main",
        "kind": "group",
        "latestRelease": null
      },
      "summary": "1 breaking finding(s) propose a major changeset",
      "warnings": []
    },
    {
      "action": "keep",
      "comparisons": [
        {
          "base": "HEAD~1",
          "head": "merge-tree:[SHA]",
          "kind": "pullRequest",
          "note": null,
          "status": "analyzed"
        },
        {
          "base": "[SHA]",
          "head": "HEAD",
          "kind": "sourceDelta",
          "note": null,
          "status": "analyzed"
        },
        {
          "base": null,
          "head": "merge-tree:[SHA]",
          "kind": "release",
          "note": "no reachable release tag matched this package",
          "status": "unavailable"
        },
        {
          "base": null,
          "head": "HEAD~1",
          "kind": "releaseToDefault",
          "note": "no reachable release tag matched this package",
          "status": "unavailable"
        }
      ],
      "decision": {
        "classificationEnforced": false,
        "compatibilityImpact": "breaking",
        "completeness": "partial",
        "confidence": "medium",
        "enforceableMinimum": "none",
        "findingIds": [
          "cargo/public-api/public_api/removed/function/removed_greeting"
        ],
        "proposedChangesetBump": "patch",
        "releaseFloor": "patch",
        "reviewRequired": true
      },
      "ecosystem": "cargo",
      "existingChangesets": [
        {
          "bump": "patch",
          "changeType": "patch",
          "path": ".changeset/understated-patch.md"
        }
      ],
      "findings": [
        {
          "after": null,
          "analyzer": {
            "id": "cargo/public-api",
            "version": "1"
          },
          "before": "fn removed_greeting () -> & 'static str",
          "bump": "major",
          "change": "removed",
          "comparisons": [
            "pullRequest",
            "sourceDelta"
          ],
          "confidence": "medium",
          "coverage": {
            "completeness": "partial",
            "detectionLevel": "signature",
            "note": "syntax-level Rust surface; module reachability, cfg and feature matrices, trait compatibility, and downstream witnesses are not complete"
          },
          "id": "cargo/public-api/public_api/removed/function/removed_greeting",
          "impact": "breaking",
          "location": "src/lib.rs",
          "ruleId": "cargo/public-api/public_api/removed/function",
          "summary": "function `removed_greeting` removed",
          "surface": "public_api"
        }
      ],
      "packageId": "escaped",
      "packageName": "escaped",
      "recommendation": "patch",
      "releaseOwner": {
        "id": "main",
        "kind": "group",
        "latestRelease": null
      },
      "summary": "1 compatible finding(s) propose a patch changeset",
      "warnings": []
    },
    {
      "action": "keep",
      "comparisons": [
        {
          "base": "HEAD~1",
          "head": "merge-tree:[SHA]",
          "kind": "pullRequest",
          "note": null,
          "status": "analyzed"
        },
        {
          "base": "[SHA]",
          "head": "HEAD",
          "kind": "sourceDelta",
          "note": null,
          "status": "analyzed"
        },
        {
          "base": null,
          "head": "merge-tree:[SHA]",
          "kind": "release",
          "note": "no reachable release tag matched this package",
          "status": "unavailable"
        },
        {
          "base": null,
          "head": "HEAD~1",
          "kind": "releaseToDefault",
          "note": "no reachable release tag matched this package",
          "status": "unavailable"
        }
      ],
      "decision": {
        "classificationEnforced": false,
        "compatibilityImpact": "breaking",
        "completeness": "partial",
        "confidence": "medium",
        "enforceableMinimum": "none",
        "findingIds": [
          "cargo/public-api/public_api/removed/function/removed_greeting"
        ],
        "proposedChangesetBump": "patch",
        "releaseFloor": "patch",
        "reviewRequired": true
      },
      "ecosystem": "cargo",
      "existingChangesets": [
        {
          "bump": "patch",
          "changeType": "patch",
          "path": ".changeset/understated-patch.md"
        }
      ],
      "findings": [
        {
          "after": null,
          "analyzer": {
            "id": "cargo/public-api",
            "version": "1"
          },
          "before": "fn removed_greeting () -> & 'static str",
          "bump": "major",
          "change": "removed",
          "comparisons": [
            "pullRequest",
            "sourceDelta"
          ],
          "confidence": "medium",
          "coverage": {
            "completeness": "partial",
            "detectionLevel": "signature",
            "note": "syntax-level Rust surface; module reachability, cfg and feature matrices, trait compatibility, and downstream witnesses are not complete"
          },
          "id": "cargo/public-api/public_api/removed/function/removed_greeting",
          "impact": "breaking",
          "location": "src/lib.rs",
          "ruleId": "cargo/public-api/public_api/removed/function",
          "summary": "function `removed_greeting` removed",
          "surface": "public_api"
        }
      ],
      "packageId": "group_policy",
      "packageName": "group_policy",
      "recommendation": "patch",
      "releaseOwner": {
        "id": "policy",
        "kind": "group",
        "latestRelease": null
      },
      "summary": "1 compatible finding(s) propose a patch changeset",
      "warnings": []
    }
  ],
  "recommendation": "major",
  "schemaVersion": 4,
  "warnings": [
    "changed path `.changeset/understated-patch.md` did not match any configured package"
  ]
}
