---
source: crates/monochange_integration_tests/tests/api_classification.rs
assertion_line: 180
expression: report
---
{
  "candidate": "merge-tree:[SHA]",
  "comparisons": [
    {
      "base": "HEAD~1",
      "head": "merge-tree:[SHA]",
      "kind": "pullRequest",
      "note": null,
      "status": "analyzed"
    },
    {
      "base": "[SHA]",
      "head": "HEAD",
      "kind": "sourceDelta",
      "note": null,
      "status": "analyzed"
    }
  ],
  "defaultBranch": "HEAD~1",
  "packages": [
    {
      "action": "create",
      "comparisons": [
        {
          "base": "HEAD~1",
          "head": "merge-tree:[SHA]",
          "kind": "pullRequest",
          "note": null,
          "status": "analyzed"
        },
        {
          "base": "[SHA]",
          "head": "HEAD",
          "kind": "sourceDelta",
          "note": null,
          "status": "analyzed"
        },
        {
          "base": null,
          "head": "merge-tree:[SHA]",
          "kind": "release",
          "note": "no reachable release tag matched this package",
          "status": "unavailable"
        },
        {
          "base": null,
          "head": "HEAD~1",
          "kind": "releaseToDefault",
          "note": "no reachable release tag matched this package",
          "status": "unavailable"
        }
      ],
      "decision": {
        "classificationEnforced": true,
        "compatibilityImpact": "compatible",
        "completeness": "partial",
        "confidence": "medium",
        "enforceableMinimum": "none",
        "findingIds": [
          "npm/package-json/metadata/modified/script/script.build"
        ],
        "proposedChangesetBump": "patch",
        "releaseFloor": "patch",
        "reviewRequired": true
      },
      "ecosystem": "npm",
      "existingChangesets": [],
      "findings": [
        {
          "after": "node scripts/build.js",
          "analyzer": {
            "id": "npm/package-json",
            "version": "1"
          },
          "before": "node build.js",
          "bump": "patch",
          "change": "modified",
          "comparisons": [
            "pullRequest",
            "sourceDelta"
          ],
          "confidence": "medium",
          "coverage": {
            "completeness": "partial",
            "detectionLevel": "signature",
            "note": "package metadata and export syntax; entrypoint reachability and TypeScript assignability are not complete"
          },
          "id": "npm/package-json/metadata/modified/script/script.build",
          "impact": "compatible",
          "location": "package.json",
          "ruleId": "npm/package-json/metadata/modified/script",
          "summary": "script `script.build` modified",
          "surface": "metadata"
        }
      ],
      "packageId": "js_utils",
      "packageName": "@demo/js-utils",
      "recommendation": "patch",
      "releaseOwner": {
        "id": "js_utils",
        "kind": "package",
        "latestRelease": null
      },
      "summary": "1 compatible finding(s) propose a patch changeset",
      "warnings": []
    },
    {
      "action": "create",
      "comparisons": [
        {
          "base": "HEAD~1",
          "head": "merge-tree:[SHA]",
          "kind": "pullRequest",
          "note": null,
          "status": "analyzed"
        },
        {
          "base": "[SHA]",
          "head": "HEAD",
          "kind": "sourceDelta",
          "note": null,
          "status": "analyzed"
        },
        {
          "base": null,
          "head": "merge-tree:[SHA]",
          "kind": "release",
          "note": "no reachable release tag matched this package",
          "status": "unavailable"
        },
        {
          "base": null,
          "head": "HEAD~1",
          "kind": "releaseToDefault",
          "note": "no reachable release tag matched this package",
          "status": "unavailable"
        }
      ],
      "decision": {
        "classificationEnforced": true,
        "compatibilityImpact": "breaking",
        "completeness": "partial",
        "confidence": "medium",
        "enforceableMinimum": "none",
        "findingIds": [
          "cargo/public-api/public_api/removed/function/removed_greeting"
        ],
        "proposedChangesetBump": "major",
        "releaseFloor": "major",
        "reviewRequired": true
      },
      "ecosystem": "cargo",
      "existingChangesets": [],
      "findings": [
        {
          "after": null,
          "analyzer": {
            "id": "cargo/public-api",
            "version": "1"
          },
          "before": "fn removed_greeting () -> & 'static str",
          "bump": "major",
          "change": "removed",
          "comparisons": [
            "pullRequest",
            "sourceDelta"
          ],
          "confidence": "medium",
          "coverage": {
            "completeness": "partial",
            "detectionLevel": "signature",
            "note": "syntax-level Rust surface; module reachability, cfg and feature matrices, trait compatibility, and downstream witnesses are not complete"
          },
          "id": "cargo/public-api/public_api/removed/function/removed_greeting",
          "impact": "breaking",
          "location": "src/lib.rs",
          "ruleId": "cargo/public-api/public_api/removed/function",
          "summary": "function `removed_greeting` removed",
          "surface": "public_api"
        }
      ],
      "packageId": "rust_core",
      "packageName": "rust-core",
      "recommendation": "major",
      "releaseOwner": {
        "id": "rust_core",
        "kind": "package",
        "latestRelease": null
      },
      "summary": "1 breaking finding(s) propose a major changeset",
      "warnings": []
    },
    {
      "action": "create",
      "comparisons": [
        {
          "base": "HEAD~1",
          "head": "merge-tree:[SHA]",
          "kind": "pullRequest",
          "note": null,
          "status": "analyzed"
        },
        {
          "base": "[SHA]",
          "head": "HEAD",
          "kind": "sourceDelta",
          "note": null,
          "status": "analyzed"
        },
        {
          "base": null,
          "head": "merge-tree:[SHA]",
          "kind": "release",
          "note": "no reachable release tag matched this package",
          "status": "unavailable"
        },
        {
          "base": null,
          "head": "HEAD~1",
          "kind": "releaseToDefault",
          "note": "no reachable release tag matched this package",
          "status": "unavailable"
        }
      ],
      "decision": {
        "classificationEnforced": true,
        "compatibilityImpact": "additive",
        "completeness": "partial",
        "confidence": "medium",
        "enforceableMinimum": "none",
        "findingIds": [
          "npm/package-json/public_api/added/interface/AdminUser"
        ],
        "proposedChangesetBump": "minor",
        "releaseFloor": "minor",
        "reviewRequired": true
      },
      "ecosystem": "npm",
      "existingChangesets": [],
      "findings": [
        {
          "after": "export interface AdminUser extends User { role: string; }",
          "analyzer": {
            "id": "npm/package-json",
            "version": "1"
          },
          "before": null,
          "bump": "minor",
          "change": "added",
          "comparisons": [
            "pullRequest",
            "sourceDelta"
          ],
          "confidence": "medium",
          "coverage": {
            "completeness": "partial",
            "detectionLevel": "signature",
            "note": "package metadata and export syntax; entrypoint reachability and TypeScript assignability are not complete"
          },
          "id": "npm/package-json/public_api/added/interface/AdminUser",
          "impact": "additive",
          "location": "src/index.ts",
          "ruleId": "npm/package-json/public_api/added/interface",
          "summary": "interface `AdminUser` added",
          "surface": "public_api"
        }
      ],
      "packageId": "ts_client",
      "packageName": "@demo/ts-client",
      "recommendation": "minor",
      "releaseOwner": {
        "id": "ts_client",
        "kind": "package",
        "latestRelease": null
      },
      "summary": "1 additive finding(s) propose a minor changeset",
      "warnings": []
    }
  ],
  "recommendation": "major",
  "schemaVersion": 4,
  "warnings": []
}
