---
source: crates/monochange_integration_tests/tests/check_lint_output.rs
expression: "normalize_workspace_paths(fixture.path(), output)"
---
config error: check failed:
workspace validation passed for [workspace]
lint: 6 errors, 1 warnings

[workspace]/packages/app/package.json:
  ✗ **npm/workspace-protocol** at 8:10 [fixable]
     internal dependency `shared` should use the workspace: protocol (found `^0.0.0`)
  ⚠ **npm/sorted-dependencies** at 6:6 [fixable]
     dependencies in `dependencies` are not sorted alphabetically
  ✗ **npm/required-package-fields** at 1:1
     missing required package.json field `repository`
  ✗ **npm/required-package-fields** at 1:1
     missing required package.json field `license`

[workspace]/packages/shared/package.json:
  ✗ **npm/required-package-fields** at 1:1
     missing required package.json field `description`
  ✗ **npm/required-package-fields** at 1:1
     missing required package.json field `repository`
  ✗ **npm/required-package-fields** at 1:1
     missing required package.json field `license`

Fixed all auto-fixable issues.
