---
source: crates/monochange_integration_tests/tests/cli_surface_classification.rs
expression: projected
---
{
  "candidate": "merge-tree:[SHA]",
  "comparisons": [
    {
      "base": "HEAD~1",
      "head": "merge-tree:[SHA]",
      "kind": "pull_request",
      "note": null,
      "status": "analyzed"
    },
    {
      "base": "[SHA]",
      "head": "HEAD",
      "kind": "source_delta",
      "note": null,
      "status": "analyzed"
    }
  ],
  "default_branch": "HEAD~1",
  "packages": [
    {
      "action": "create",
      "cli": {
        "baseline": ".monochange/cli-snapshots/demo.json",
        "finding_count": 2,
        "name": "demo",
        "recommendation": "major",
        "status": "diffed"
      },
      "comparisons": [
        {
          "base": "HEAD~1",
          "head": "merge-tree:[SHA]",
          "kind": "pull_request",
          "note": null,
          "status": "analyzed"
        },
        {
          "base": "[SHA]",
          "head": "HEAD",
          "kind": "source_delta",
          "note": null,
          "status": "analyzed"
        },
        {
          "base": null,
          "head": "merge-tree:[SHA]",
          "kind": "release",
          "note": "no reachable release tag matched this package",
          "status": "unavailable"
        },
        {
          "base": null,
          "head": "HEAD~1",
          "kind": "release_to_default",
          "note": "no reachable release tag matched this package",
          "status": "unavailable"
        }
      ],
      "decision": {
        "classification_enforced": true,
        "compatibility_impact": "breaking",
        "completeness": "complete",
        "confidence": "high",
        "enforceable_minimum": "major",
        "finding_ids": [
          "monochange/cli-surface/option-removed/check"
        ],
        "proposed_changeset_bump": "major",
        "release_floor": "major",
        "review_required": false
      },
      "ecosystem": "cargo",
      "existing_changesets": [],
      "findings": [
        {
          "after": null,
          "analyzer": {
            "id": "monochange/cli-surface",
            "version": "1"
          },
          "before": null,
          "bump": "major",
          "change": "option-removed",
          "comparisons": [
            "pull_request"
          ],
          "confidence": "high",
          "coverage": {
            "completeness": "complete",
            "detection_level": "signature",
            "note": "command surface compared against the committed release baseline"
          },
          "id": "monochange/cli-surface/option-removed/check",
          "impact": "breaking",
          "location": "check",
          "rule_id": "monochange/cli-surface/option-removed",
          "summary": "option `--format` was removed from `check`",
          "surface": "cli"
        },
        {
          "after": null,
          "analyzer": {
            "id": "monochange/cli-surface",
            "version": "1"
          },
          "before": null,
          "bump": "minor",
          "change": "command-added",
          "comparisons": [
            "pull_request"
          ],
          "confidence": "high",
          "coverage": {
            "completeness": "complete",
            "detection_level": "signature",
            "note": "command surface compared against the committed release baseline"
          },
          "id": "monochange/cli-surface/command-added/migrate",
          "impact": "additive",
          "location": "migrate",
          "rule_id": "monochange/cli-surface/command-added",
          "summary": "command `migrate` was added",
          "surface": "cli"
        }
      ],
      "package_id": "demo",
      "package_name": "demo",
      "recommendation": "major",
      "release_owner": {
        "id": "demo",
        "kind": "package",
        "latest_release": null
      },
      "summary": "1 breaking finding(s) propose a major changeset",
      "warnings": []
    },
    {
      "action": "create",
      "comparisons": [
        {
          "base": "HEAD~1",
          "head": "merge-tree:[SHA]",
          "kind": "pull_request",
          "note": null,
          "status": "analyzed"
        },
        {
          "base": "[SHA]",
          "head": "HEAD",
          "kind": "source_delta",
          "note": null,
          "status": "analyzed"
        },
        {
          "base": null,
          "head": "merge-tree:[SHA]",
          "kind": "release",
          "note": "no reachable release tag matched this package",
          "status": "unavailable"
        },
        {
          "base": null,
          "head": "HEAD~1",
          "kind": "release_to_default",
          "note": "no reachable release tag matched this package",
          "status": "unavailable"
        }
      ],
      "decision": {
        "classification_enforced": true,
        "compatibility_impact": "unmodeled",
        "completeness": "partial",
        "confidence": "low",
        "enforceable_minimum": "none",
        "finding_ids": [
          "monochange/unclassified-source/plain"
        ],
        "proposed_changeset_bump": "patch",
        "release_floor": "patch",
        "review_required": true
      },
      "ecosystem": "cargo",
      "existing_changesets": [],
      "findings": [
        {
          "after": null,
          "analyzer": {
            "id": "cargo/fallback",
            "version": "1"
          },
          "before": null,
          "bump": "patch",
          "change": "modified",
          "comparisons": [
            "pull_request"
          ],
          "confidence": "low",
          "coverage": {
            "completeness": "partial",
            "detection_level": "signature",
            "note": "changed package files produced no modeled compatibility finding"
          },
          "id": "monochange/unclassified-source/plain",
          "impact": "unmodeled",
          "location": "Cargo.toml",
          "rule_id": "monochange/unclassified-source",
          "summary": "package files changed outside the analyzer's modeled public surface",
          "surface": "source"
        }
      ],
      "package_id": "plain",
      "package_name": "plain",
      "recommendation": "patch",
      "release_owner": {
        "id": "plain",
        "kind": "package",
        "latest_release": null
      },
      "summary": "unclassified package changes propose a patch changeset and require review",
      "warnings": []
    }
  ],
  "recommendation": "major",
  "schema_version": "[SCHEMA_VERSION]",
  "skipped": false,
  "warnings": []
}
