---
source: crates/monochange_integration_tests/tests/lint_rules_fix.rs
expression: "normalize_workspace_paths(fixture.path(), output.clone())"
---
workspace validation passed for [workspace]
lint: 1 errors, 0 warnings

[workspace]/packages/shared/package.json:
  ✗ **npm/required-package-fields** at 1:1
     missing required package.json field `description`

Fixed all auto-fixable issues.
