---
source: crates/monochange_integration_tests/tests/prepared_release_cache_invalidation.rs
expression: first
---
• Release preview · 1 package · dry-run, no files were changed

Releases
  alpha  alpha/v1.1.0  package · tag · release

Packages (1)
  alpha

Changed files (3)
  Cargo.toml
  crates/alpha/CHANGELOG.md
  crates/alpha/Cargo.toml

Manifest  .monochange/local/release-manifest.json

Log
  skipped release record: dry-run preview (pass `--release-json` to write release.json)
