---
source: crates/monochange_integration_tests/tests/prepared_release_cache_invalidation.rs
expression: second
---
✔ Prepared release · 1 package · 3 files changed

Releases
  alpha  alpha/v1.1.0  package · tag · release

Packages (1)
  alpha

Changed files (3)
  Cargo.toml
  crates/alpha/CHANGELOG.md
  crates/alpha/Cargo.toml

Consumed changesets (1)
  .changeset/feature.md

Manifest  .monochange/local/release-manifest.json

Log
  reused prepared release artifact `.monochange/local/explicit-prepared-release.json`
