---
source: crates/monochange_integration_tests/tests/publish_duplicate_version.rs
expression: "String::from_utf8_lossy(&output.stderr).trim()"
---
discovery error: package publishing did not complete: 1 total, 0 published, 1 failed, 0 blocked, 0 already existed, 0 not attempted, 0 planned; failed package tolerant 1.0.0: tolerant 1.0.0 already exists on npm and `publish.fail_on_duplicate` rejects duplicate version publications
