---
source: crates/monochange_integration_tests/tests/release_values.rs
expression: "serde_json::json!({\n    \"has_values\": !manifest.values.is_empty(), \"has_labels\":\n    !manifest.labels.is_empty(), \"labels\": manifest.labels,\n})"
---
{
  "has_labels": true,
  "has_values": false,
  "labels": {
    "app": "2026.09.1",
    "lib": "26Q3.1"
  }
}
