---
source: crates/monochange_config/src/__tests__/lib_tests.rs
expression: "serde_json::json!({\n    \"enabled\": prerelease.enabled, \"channel\": prerelease.channel, \"numbering\":\n    format!(\"{:?}\", prerelease.numbering), \"base\":\n    format!(\"{:?}\", prerelease.base), \"baseVersion\":\n    prerelease.base_version.map(|version| version.to_string()), \"branches\":\n    prerelease.branches, \"keepChangesets\": prerelease.keep_changesets,\n    \"changelog\": prerelease.changelog, \"releaseNotes\":\n    prerelease.release_notes, \"publishPackages\": prerelease.publish_packages,\n    \"writeManifests\": prerelease.write_manifests,\n})"
---
{
  "base": "Fixed",
  "baseVersion": "0.0.0",
  "branches": [
    "next",
    "prerelease/*"
  ],
  "changelog": true,
  "channel": "rc",
  "enabled": true,
  "keepChangesets": false,
  "numbering": "Datetime",
  "publishPackages": true,
  "releaseNotes": false,
  "writeManifests": false
}
