---
source: crates/monochange/tests/affected.rs
expression: redacted
---
{
  "affected_package_ids": [
    "core",
    "other"
  ],
  "changed_paths": [
    "crates/core/src/lib.rs",
    "crates/other/src/lib.rs",
    ".changeset/feature.md"
  ],
  "changeset_paths": [
    ".changeset/feature.md"
  ],
  "comment": null,
  "covered_package_ids": [
    "core",
    "other"
  ],
  "enforce": false,
  "errors": [],
  "ignored_paths": [],
  "labels": [],
  "matched_paths": [
    "crates/core/src/lib.rs",
    "crates/other/src/lib.rs"
  ],
  "matched_skip_labels": [],
  "required": true,
  "status": "passed",
  "summary": "changeset verification passed: attached changesets cover 2 changed packages",
  "uncovered_package_ids": []
}
