---
source: crates/monochange/tests/cli_clap_help.rs
expression: render_help_snapshot(&path)
---
Version: [current]
Command: monochange changeset

Inspect and validate pending changeset intent

[1m[97mUsage:[0m [93mmonochange changeset[0m [95m[OPTIONS][0m [95m<COMMAND>[0m

[1m[96mCommands:[0m
  [93mvalidate[0m  Compare pending changesets with classified change severity

[1m[96mOptions:[0m
  [93m-h[0m, [93m--help[0m
          Print help

[1m[96mGlobal Options:[0m
  [93m-q[0m, [93m--quiet[0m
          Suppress result, progress, and diagnostic output without changing execution

      [93m--progress-format[0m[95m [0m[95m<FORMAT>[0m
          Control progress output on stderr

          [possible values: auto, unicode, ascii, json]

      [93m--jq[0m[95m [0m[95m<EXPRESSION>[0m
          Filter explicit JSON output; requires `--format json` or `--format json-min`

      [93m--snapshot[0m
          Print a normalized JSON snapshot for this command subtree
