---
source: crates/monochange/tests/cli_output.rs
info:
  program: monochange
  args:
    - placeholder-publish
    - "--dry-run"
    - "--format"
    - json
  env:
    GITHUB_ACTIONS: ""
    GITHUB_JOB: ""
    GITHUB_REF_NAME: ""
    GITHUB_REPOSITORY: ""
    GITHUB_RUN_ID: ""
    GITHUB_WORKFLOW: ""
    GITHUB_WORKFLOW_REF: ""
    MONOCHANGE_CRATES_IO_API_URL: "http://127.0.0.1:62401"
    MONOCHANGE_JSR_BASE_URL: "http://127.0.0.1:62401"
    MONOCHANGE_NPM_REGISTRY_URL: "http://127.0.0.1:62401"
    MONOCHANGE_PUB_DEV_API_URL: "http://127.0.0.1:62401"
    MONOCHANGE_TRUSTED_PUBLISHING_ENVIRONMENT: ""
    NO_COLOR: "1"
    RUST_LOG: ""
---
success: false
exit_code: 1
----- stdout -----

----- stderr -----
config error: error: unrecognized subcommand 'placeholder-publish'

Usage: monochange [OPTIONS] <COMMAND>

For more information, try '--help'.
