---
source: crates/monochange/tests/cli_main_binary.rs
info:
  program: monochange
  args:
    - not-a-command
  env:
    MONOCHANGE_NO_PROGRESS: "1"
    NO_COLOR: "1"
---
success: false
exit_code: 1
----- stdout -----

----- stderr -----
error[config.invalid]: error: unrecognized subcommand 'not-a-command'
  cause: Usage: monochange [OPTIONS] <COMMAND>

    For more information, try '--help'.
  command: monochange not-a-command
  help: Check `monochange.toml` and the command arguments, then rerun the command.
