---
source: crates/monochange/tests/cli_help.rs
info:
  program: monochange
  args:
    - help
    - notes
  env:
    NO_COLOR: "1"
    RUST_LOG: ""
---
success: true
exit_code: 0
----- stdout -----
Render one configured release-note output without modifying release files

Usage: monochange notes [OPTIONS] --output <OUTPUT>

Options:
      --output <OUTPUT>
          Configured changelog output to render

      --target <TARGET>
          Package or group id to select from a multi-target output

      --file <PATH>
          Write notes to this path instead of stdout; use - for stdout

  -h, --help
          Print help

Global Options:
  -q, --quiet
          Suppress stdout/stderr output and run in dry-run mode when supported

      --progress-format <FORMAT>
          Control progress output on stderr
          
          [possible values: auto, unicode, ascii, json]

      --jq <EXPRESSION>
          Filter JSON output with a jq-style expression, such as `.assets[].name`

      --snapshot
          Print a normalized JSON snapshot for this command subtree

Examples:
  monochange notes --output user_notes
  monochange notes --output user_notes --target app
  monochange notes --output user_notes --target app --file release-notes.md
  monochange notes --output user_notes --target app --file -

Selection rules:
  - --output names `default` or a [changelog.outputs.<id>] entry.
  - The selected output supplies the stream and format; this command does not override either.
  - Use --target when an output produces notes for more than one package or group.
  - stdout is the default destination. --file writes only that explicit path.
  - Rendering is read-only: changesets, versions, and configured changelog paths are not modified.


----- stderr -----
