---
source: crates/monochange/tests/cli_output.rs
info:
  program: monochange
  args:
    - run
    - change
    - "--package"
    - core
    - "--bump"
    - minor
    - "--reason"
    - document cli snapshots
    - "--output"
    - /var/folders/lm/90xr38kd5y52p5y6jj2ny_dr0000gn/T/.tmp5zH9CW/feature.md
  env:
    MONOCHANGE_NO_PROGRESS: "1"
    NO_COLOR: "1"
    RUST_LOG: ""
---
success: true
exit_code: 0
----- stdout -----
wrote change file feature.md

----- stderr -----
