---
source: crates/monochange/tests/cli_main_binary.rs
info:
  program: monochange
  args:
    - step
    - run
    - discover
    - "--format=json"
  env:
    NO_COLOR: "1"
---
success: false
exit_code: 1
----- stdout -----

----- stderr -----
config error: error: unrecognized subcommand 'run'

Usage: monochange step [OPTIONS] <COMMAND>

For more information, try '--help'.
