---
source: crates/monochange/tests/cli_help.rs
info:
  program: monochange
  args:
    - help
  env:
    NO_COLOR: "1"
    RUST_LOG: ""
---
success: true
exit_code: 0
----- stdout -----
monochange discovers packages across Cargo, npm/pnpm/Bun, Deno, and Dart/Flutter, then coordinates version bumps, changelogs, and release automation from a single monochange.toml config.

Usage: monochange [OPTIONS] <COMMAND>

Built-in Commands:
  snapshot   Print a normalized JSON snapshot of the CLI surface
  init       Generate monochange.toml with detected packages, groups, and default CLI commands
  populate   Add any missing built-in CLI commands to monochange.toml so you can customize them
  command    Open an interactive dashboard for adding or editing config-defined CLI commands
  skill      Install the monochange skill bundle into the current project with the skills CLI
  subagents  Generate repo-local monochange subagents and agent guidance files
  analyze    Analyze semantic changes for one package across main, head, and optional release baselines
  migrate    Audit or migrate release metadata for monochange repositories
  lint       Inspect and scaffold manifest lint rules
  versions   List package and group versions or sync internal dependency constraints
  create     Create a changeset file for one or more packages
  discover   Discover packages across supported ecosystems
  config     Render resolved monochange configuration and workspace metadata
  preview    Preview planned version bumps, changelogs, and release artifacts without writing files
  prepare    Prepare version bumps, changelogs, and release artifacts
  affected   Evaluate affected packages and changeset coverage
  diagnose   Inspect changeset provenance and review metadata
  mcp        Start the monochange MCP (Model Context Protocol) server over stdin/stdout
  check      Validate configuration, changesets, and run manifest lint rules
  help       Show detailed help for a command
  step       Run built-in release workflow steps
  run        Run workflow commands defined in monochange.toml

Options:
  -h, --help
          Print help (see a summary with '-h')

  -V, --version
          Print version

Global Options:
  -q, --quiet
          Suppress stdout/stderr output and run in dry-run mode when supported

      --progress-format <FORMAT>
          Control progress output on stderr
          
          [possible values: auto, unicode, ascii, json]

      --jq <EXPRESSION>
          Filter JSON output with a jq-style expression, such as `.assets[].name`

      --snapshot
          Print a normalized JSON snapshot for this command subtree

Quick Start

1. Create or update monochange.toml for your workspace:

  monochange init

2. Validate configuration and changeset targets before making release changes:

  monochange step validate

3. Inspect detected package ids and groups when authoring changesets or workflow inputs:

  monochange step discover --format json

4. Use repository-defined workflows through monochange run <command> when they exist in your config, or call immutable built-in steps directly with monochange step <name>.

5. Preview before mutating files, publishing packages, creating tags, or opening release requests:

  monochange run release --dry-run --diff
  monochange step prepare-release --dry-run --diff

Run monochange help <command> or monochange help step <name> for command-specific options.


----- stderr -----
