---
source: crates/monochange/tests/cli_clap_help.rs
expression: "render_help_snapshot(&path, version)"
---
Version: 0.8.0
Command: monochange snapshot

Print a normalized JSON snapshot of the CLI surface

[1m[97mUsage:[0m [93mmonochange snapshot[0m [95m[OPTIONS][0m [95m[COMMAND]...[0m

[1m[96mArguments:[0m
  [95m[COMMAND]...[0m
          Optional command path to render

[1m[96mOptions:[0m
      [93m--view[0m[95m [0m[95m<VIEW>[0m
          Snapshot view to render
          
          [default: full]
          [possible values: full, light, index]

  [93m-h[0m, [93m--help[0m
          Print help

[1m[96mGlobal Options:[0m
  [93m-q[0m, [93m--quiet[0m
          Suppress stdout/stderr output and run in dry-run mode when supported

      [93m--progress-format[0m[95m [0m[95m<FORMAT>[0m
          Control progress output on stderr
          
          [possible values: auto, unicode, ascii, json]

      [93m--jq[0m[95m [0m[95m<EXPRESSION>[0m
          Filter JSON output with a jq-style expression, such as `.assets[].name`

      [93m--snapshot[0m
          Print a normalized JSON snapshot for this command subtree
