---
source: crates/monochange/tests/cli_help.rs
info:
  program: monochange
  args:
    - help
    - analyze
  env:
    NO_COLOR: "1"
    RUST_LOG: ""
---
success: true
exit_code: 0
----- stdout -----
Analyze semantic changes for one package across main, head, and optional release baselines

Usage: monochange analyze [OPTIONS] --package <PACKAGE>

Options:
      --package <PACKAGE>
          Configured package id, discovered package id, package name, manifest path, or package directory

      --release-ref <REF>
          Explicit release baseline ref. Defaults to the latest tag for the package or owning version group

      --main-ref <REF>
          Base branch or ref to compare against. Defaults to the detected default branch

      --head-ref <REF>
          Head ref to analyze. Defaults to HEAD

      --detection-level <detection-level>
          Level of semantic detail to request from analyzers
          
          [default: signature]
          [possible values: basic, signature, semantic]

      --format <format>
          Output format
          
          [default: markdown]
          [possible values: text, json, markdown, md]

  -h, --help
          Print help

Global Options:
  -q, --quiet
          Suppress stdout/stderr output and run in dry-run mode when supported

      --progress-format <FORMAT>
          Control progress output on stderr
          
          [possible values: auto, unicode, ascii, json]

      --jq <EXPRESSION>
          Filter JSON output with a jq-style expression, such as `.assets[].name`

      --snapshot
          Print a normalized JSON snapshot for this command subtree

Examples:
  monochange analyze --package core
  monochange analyze --package core --format json
  monochange analyze --package core --release-ref core/v1.2.3
  monochange analyze --package core --main-ref main --head-ref HEAD

Analysis notes:
  - Runs package-scoped semantic analysis using the selected package's configured release identity.
  - Defaults `--release-ref` to the newest tag for the package or the version group that owns it.
  - If no prior release tag exists, falls back to first-release analysis using only `main -> head`.


----- stderr -----
