---
source: crates/monochange/tests/cli_progress.rs
expression: normalized_ascii_progress(&stderr)
---
> Loading workspace configuration
+ Loaded workspace configuration [duration]
monochange > progress-ascii - 2 steps
> [1/2] plan release (PrepareRelease)
+ [1/2] plan release (PrepareRelease)  [duration]
> [2/2] stream summary
  $ printf 'line one[newline][newline]line three[newline]'
  | line one
  |
  | line three
+ [2/2] stream summary                 [duration]
+ progress-ascii completed in [duration]
