---
source: crates/monochange/tests/cli_output.rs
info:
  program: monochange
  args:
    - placeholder-publish
    - "--dry-run"
    - "--format"
    - json
  env:
    MONOCHANGE_CRATES_IO_API_URL: "http://127.0.0.1:42657"
    MONOCHANGE_JSR_BASE_URL: "http://127.0.0.1:42657"
    MONOCHANGE_NO_PROGRESS: "1"
    MONOCHANGE_NPM_REGISTRY_URL: "http://127.0.0.1:42657"
    MONOCHANGE_PUB_DEV_API_URL: "http://127.0.0.1:42657"
    NO_COLOR: "1"
---
success: false
exit_code: 1
----- stdout -----

----- stderr -----
error[cli.usage]: unrecognized subcommand 'placeholder-publish'

  tip: `placeholder-publish` is defined in monochange.toml; run it with `monochange run placeholder-publish`

Usage: monochange [OPTIONS] <COMMAND>

For more information, try '--help'.

  command: monochange placeholder-publish
