---
source: crates/monochange/tests/cli_help.rs
assertion_line: 60
info:
  program: monochange
  args:
    - help
    - nonexistent
  env:
    NO_COLOR: "1"
    RUST_LOG: ""
---
success: true
exit_code: 0
----- stdout -----
error: unrecognized command path `monochange nonexistent`

Run one of these commands to inspect available help paths:
  monochange --help
  monochange help

Visible top-level commands:
  affected
  analyze
  check
  command
  config
  create
  diagnose
  discover
  help
  init
  lint
  mcp
  migrate
  populate
  prepare
  preview
  run
  skill
  snapshot
  step
  subagents
  versions


----- stderr -----
