---
source: crates/monochange/tests/cli_progress.rs
expression: redacted
---
[
  {
    "command": "progress-json",
    "dry_run": false,
    "event": "command_started",
    "sequence": "[sequence:0]",
    "total_steps": 2
  },
  {
    "command": "progress-json",
    "dry_run": false,
    "event": "step_started",
    "sequence": "[sequence:1]",
    "step_display_name": "plan release",
    "step_index": 1,
    "step_kind": "PrepareRelease",
    "step_name": "plan release",
    "total_steps": 2
  },
  {
    "command": "progress-json",
    "dry_run": false,
    "duration_ms": "[duration_ms]",
    "event": "step_finished",
    "phase_timings": [
      {
        "duration_ms": "[duration_ms]",
        "label": "load workspace configuration"
      },
      {
        "duration_ms": "[duration_ms]",
        "label": "discover release workspace"
      },
      {
        "duration_ms": "[duration_ms]",
        "label": "discover changeset paths"
      },
      {
        "duration_ms": "[duration_ms]",
        "label": "read changeset files"
      },
      {
        "duration_ms": "[duration_ms]",
        "label": "parse changeset files"
      },
      {
        "duration_ms": "[duration_ms]",
        "label": "build prepared changesets"
      },
      {
        "duration_ms": "[duration_ms]",
        "label": "build release plan"
      },
      {
        "duration_ms": "[duration_ms]",
        "label": "resolve changelog targets"
      },
      {
        "duration_ms": "[duration_ms]",
        "label": "build manifest updates"
      },
      {
        "duration_ms": "[duration_ms]",
        "label": "build versioned file updates"
      },
      {
        "duration_ms": "[duration_ms]",
        "label": "build release targets"
      },
      {
        "duration_ms": "[duration_ms]",
        "label": "build lockfile refresh plan"
      },
      {
        "duration_ms": "[duration_ms]",
        "label": "build changelog updates"
      },
      {
        "duration_ms": "[duration_ms]",
        "label": "apply release changes"
      },
      {
        "duration_ms": "[duration_ms]",
        "label": "load prerelease state"
      },
      {
        "duration_ms": "[duration_ms]",
        "label": "defer versioned file updates"
      },
      {
        "duration_ms": "[duration_ms]",
        "label": "sync internal dependency constraints"
      }
    ],
    "sequence": "[sequence:2]",
    "step_display_name": "plan release",
    "step_index": 1,
    "step_kind": "PrepareRelease",
    "step_name": "plan release",
    "total_steps": 2
  },
  {
    "command": "progress-json",
    "dry_run": false,
    "event": "step_started",
    "sequence": "[sequence:3]",
    "step_display_name": "stream summary",
    "step_index": 2,
    "step_kind": "Command",
    "step_name": "stream summary",
    "total_steps": 2
  },
  {
    "command": "progress-json",
    "dry_run": false,
    "event": "step_status",
    "sequence": "[sequence:4]",
    "status": "running command `printf 'stdout line\\n'; printf 'stderr line\\n' >&2`",
    "step_display_name": "stream summary",
    "step_index": 2,
    "step_kind": "Command",
    "step_name": "stream summary",
    "total_steps": 2
  },
  {
    "command": "progress-json",
    "dry_run": false,
    "event": "command_output",
    "sequence": "[sequence:5]",
    "step_display_name": "stream summary",
    "step_index": 2,
    "step_kind": "Command",
    "step_name": "stream summary",
    "stream": "stderr",
    "text": "[multiline text]",
    "total_steps": 2
  },
  {
    "command": "progress-json",
    "dry_run": false,
    "event": "command_output",
    "sequence": "[sequence:6]",
    "step_display_name": "stream summary",
    "step_index": 2,
    "step_kind": "Command",
    "step_name": "stream summary",
    "stream": "stdout",
    "text": "[multiline text]",
    "total_steps": 2
  },
  {
    "command": "progress-json",
    "dry_run": false,
    "duration_ms": "[duration_ms]",
    "event": "step_finished",
    "phase_timings": [],
    "sequence": "[sequence:7]",
    "step_display_name": "stream summary",
    "step_index": 2,
    "step_kind": "Command",
    "step_name": "stream summary",
    "total_steps": 2
  },
  {
    "command": "progress-json",
    "dry_run": false,
    "duration_ms": "[duration_ms]",
    "event": "command_finished",
    "sequence": "[sequence:8]",
    "total_steps": 2
  }
]
