---
source: crates/monochange/tests/cli_clap_help.rs
expression: render_help_snapshot(&path)
---
Version: [current]
Command: monochange step commit-release

Run the built-in commit-release release workflow step

[1m[97mUsage:[0m monochange step commit-release [--dry-run] [--no-verify] [--update-release-json] [--stage-all]

[1m[96mOptions:[0m
  [93m-h[0m, [93m--help[0m
          Print help

[1m[96mRelease Options:[0m
      [93m--dry-run[0m
          Run the command in dry-run mode when supported

[1m[96mOptions:[0m
      [93m--no-verify[0m
          

      [93m--update-release-json[0m
          

      [93m--stage-all[0m
          

[1m[96mGlobal Options:[0m
  [93m-q[0m, [93m--quiet[0m
          Suppress stdout/stderr output and run in dry-run mode when supported

      [93m--progress-format[0m[95m [0m[95m<FORMAT>[0m
          Control progress output on stderr
          
          [possible values: auto, unicode, ascii, json]

      [93m--jq[0m[95m [0m[95m<EXPRESSION>[0m
          Filter JSON output with a jq-style expression, such as `.assets[].name`

      [93m--snapshot[0m
          Print a normalized JSON snapshot for this command subtree

Examples:
  monochange run commit-release --dry-run --format json
  monochange run commit-release --dry-run --diff
  monochange run commit-release

Commit notes:
  - Reuses the standard monochange release commit subject/body contract.
  - Embeds a durable release record block in the commit body.
  - Can run before OpenReleaseRequest in the same workflow.
