---
source: crates/monochange/tests/cli_output.rs
info:
  program: monochange
  args:
    - placeholder-publish
    - "--dry-run"
    - "--format"
    - text
  env:
    GITHUB_JOB: release
    GITHUB_WORKFLOW_REF: ifiokjr/monochange/.github/workflows/publish.yml@refs/heads/main
    MONOCHANGE_CRATES_IO_API_URL: "http://127.0.0.1:62402"
    MONOCHANGE_JSR_BASE_URL: "http://127.0.0.1:62402"
    MONOCHANGE_NPM_REGISTRY_URL: "http://127.0.0.1:62402"
    MONOCHANGE_PUB_DEV_API_URL: "http://127.0.0.1:62402"
    NO_COLOR: "1"
    RUST_LOG: ""
---
success: false
exit_code: 1
----- stdout -----

----- stderr -----
config error: error: unrecognized subcommand 'placeholder-publish'

Usage: monochange [OPTIONS] <COMMAND>

For more information, try '--help'.
