---
source: crates/monochange/tests/release_record.rs
expression: redacted
---
{
  "distance": 0,
  "dry_run": false,
  "from": "HEAD",
  "push": true,
  "record_commit": "[SHA]",
  "resolved_from_commit": "[SHA]",
  "status": "completed",
  "tag_results": [
    {
      "existing_commit": null,
      "operation": "created",
      "tag_name": "v1.2.3",
      "target_commit": "[SHA]"
    }
  ],
  "tags": {
    "sdk": "v1.2.3"
  }
}
