---
source: crates/monochange/tests/release_record.rs
expression: "String::from_utf8(output.stdout).unwrap_or_else(|error|\npanic!(\"stdout utf8: {error}\"))"
---
• Would create 1 release tag · push disabled · dry-run

Ref            HEAD → [SHA]
Record commit  [SHA] · at the requested ref

Tags (1)
  v1.2.3  planned  → [SHA]  new tag
